// Jest Snapshot v1, https://goo.gl/fbAQLP

exports[`Game review component tests GameReview renders correctly with snapshot 1`] = `
Array [
  <div
    className="card"
  >
    <div
      className="card-body"
    >
      <h5
        className="card-title"
      >
        Add a new review
      </h5>
      <div
        className="card-text"
      >
        <div
          className="row"
        >
          <div
            className="col-2"
          >
            <div
              className="float-start"
            >
              <label
                className="col-form-label"
              >
                Title:
              </label>
            </div>
          </div>
          <div
            className="col"
          >
            <div
              className="float-start"
            >
              <input
                className="form-control"
                onChange={[Function]}
                type="text"
                value=""
              />
            </div>
          </div>
        </div>
        <div
          className="row"
        >
          <div
            className="col-2"
          >
            <div
              className="float-start"
            >
              <label
                className="col-form-label"
              >
                Description:
              </label>
            </div>
          </div>
          <div
            className="col"
          >
            <div
              className="float-start"
            >
              <textarea
                className="form-control"
                onChange={[Function]}
                rows={10}
                value=""
              />
            </div>
          </div>
        </div>
        <div
          className="row"
        >
          <div
            className="col-2"
          >
            <div
              className="float-start"
            >
              score:
            </div>
          </div>
        </div>
      </div>
    </div>
  </div>,
  <div
    className="row"
  >
    <div
      className="col"
    >
      <div
        className="float-start"
      >
        <button
          className="btn btn-success"
          onClick={[Function]}
          type="button"
        >
          Save
        </button>
      </div>
    </div>
  </div>,
]
`;
