// Jest Snapshot v1, https://goo.gl/fbAQLP

exports[`Game review component tests GameReview renders correctly with snapshot 1`] = `
Array [
  <div
    className="card rounded"
  >
    <div
      className="card-body"
    >
      <p
        className="card-title"
      >
        Add a new review for 
      </p>
      <div
        className="card-text"
      >
        <div
          className="row"
        >
          <div
            className="col-2"
          >
            <div
              className="float-start"
            >
              <span>
                <label
                  className="form col-form-label form-display"
                >
                  Title:
                </label>
              </span>
            </div>
          </div>
          <div
            className="col"
          >
            <div
              className="float-start"
            >
              <input
                className="form-input form form-control"
                onChange={[Function]}
                type="text"
                value=""
              />
            </div>
          </div>
        </div>
        <div
          className="row"
        >
          <div
            className="col-2"
          >
            <div
              className="float-start"
            >
              <span>
                <label
                  className="form col-form-label form-display"
                >
                  Description:
                </label>
              </span>
            </div>
          </div>
          <div
            className="col"
          >
            <div
              className="float-start"
            >
              <textarea
                className="form-control"
                onChange={[Function]}
                rows={10}
                value=""
              />
            </div>
          </div>
        </div>
        <div
          className="row"
        >
          <div
            className="col-2"
          >
            <div
              className="float-start"
            >
              score:
            </div>
          </div>
          <div
            className="col"
          >
            <div
              className="float-start"
            >
              <div />
            </div>
          </div>
        </div>
      </div>
    </div>
  </div>,
  <div
    className="row"
  >
    <div
      className="col"
    >
      <div
        className="float-start"
      >
        <button
          className="btn btn-dark button-darker"
          onClick={[Function]}
          type="button"
        >
          Save
        </button>
      </div>
    </div>
  </div>,
]
`;
